// Jest Snapshot v1, https://goo.gl/fbAQLP

exports[`<CustomTextField /> should correct match the snapshot 1`] = `
<body>
  <div>
    <div
      class="MuiFormControl-root MuiTextField-root makeStyles-textField-1"
    >
      <div
        class="MuiInputBase-root MuiOutlinedInput-root MuiInputBase-formControl"
      >
        <input
          aria-invalid="false"
          class="MuiInputBase-input MuiOutlinedInput-input"
          type="text"
          value=""
        />
        <fieldset
          aria-hidden="true"
          class="PrivateNotchedOutline-root-2 MuiOutlinedInput-notchedOutline"
          style="padding-left: 8px;"
        >
          <legend
            class="PrivateNotchedOutline-legend-3"
            style="width: 0.01px;"
          >
            <span>
              â€‹
            </span>
          </legend>
        </fieldset>
      </div>
    </div>
  </div>
</body>
`;
