// Jest Snapshot v1, https://goo.gl/fbAQLP

exports[`<QuestionnaireForm /> should match the snapshot 1`] = `
<body>
  <div>
    <div
      class="makeStyles-questionnaireForm-1"
    >
      <div
        class="makeStyles-formTitle-2"
      >
        Questionnaire
      </div>
      <div
        class="makeStyles-formTextBlok-6"
      >
        <p
          class="makeStyles-textBlockDescription-7"
        >
          First of all feel free to type any name of your dream project.
        </p>
        <div
          class="MuiFormControl-root MuiTextField-root makeStyles-textField-8"
        >
          <div
            class="MuiInputBase-root MuiOutlinedInput-root MuiInputBase-formControl"
          >
            <input
              aria-invalid="false"
              class="MuiInputBase-input MuiOutlinedInput-input"
              type="text"
              value=""
            />
            <fieldset
              aria-hidden="true"
              class="PrivateNotchedOutline-root-9 MuiOutlinedInput-notchedOutline"
              style="padding-left: 8px;"
            >
              <legend
                class="PrivateNotchedOutline-legend-10"
                style="width: 0.01px;"
              >
                <span>
                  ​
                </span>
              </legend>
            </fieldset>
          </div>
        </div>
      </div>
      <div
        class="makeStyles-formTextBlok-6"
      >
        <p
          class="makeStyles-textBlockDescription-7"
        >
          Next, enter the contact email.
        </p>
        <div
          class="MuiFormControl-root MuiTextField-root makeStyles-textField-8"
        >
          <div
            class="MuiInputBase-root MuiOutlinedInput-root MuiInputBase-formControl"
          >
            <input
              aria-invalid="false"
              class="MuiInputBase-input MuiOutlinedInput-input"
              type="text"
              value=""
            />
            <fieldset
              aria-hidden="true"
              class="PrivateNotchedOutline-root-9 MuiOutlinedInput-notchedOutline"
              style="padding-left: 8px;"
            >
              <legend
                class="PrivateNotchedOutline-legend-10"
                style="width: 0.01px;"
              >
                <span>
                  ​
                </span>
              </legend>
            </fieldset>
          </div>
        </div>
      </div>
      <div
        class="makeStyles-formTextBlok-6"
      >
        <p
          class="makeStyles-textBlockDescription-7"
        >
          Type a currency which is most convenient for you.
        </p>
        <div
          class="MuiCircularProgress-root MuiCircularProgress-colorPrimary MuiCircularProgress-indeterminate"
          role="progressbar"
          style="width: 80px; height: 80px;"
        >
          <svg
            class="MuiCircularProgress-svg"
            viewBox="22 22 44 44"
          >
            <circle
              class="MuiCircularProgress-circle MuiCircularProgress-circleIndeterminate"
              cx="44"
              cy="44"
              fill="none"
              r="20.2"
              stroke-width="3.6"
            />
          </svg>
        </div>
      </div>
      <div
        class="makeStyles-formTextBlok-6"
      >
        <p
          class="makeStyles-textBlockDescription-7"
        >
          If you have any layout design feel free to upload it to us. Allowed file format, jpg, png. 
        </p>
        <div
          class="makeStyles-uploadWrapper-13"
        >
          <input
            class="makeStyles-uploadFileInput-14"
            id="file"
            type="file"
          />
          <label
            class="makeStyles-uploadLabel-15"
            for="file"
          >
            Select file
          </label>
        </div>
      </div>
      <div
        class="makeStyles-formTextBlok-6"
      >
        <p
          class="makeStyles-textBlockDescription-7"
        >
          When you plan to start a project ?
        </p>
        <div
          class="MuiFormControl-root MuiTextField-root makeStyles-textField-8 MuiFormControl-marginNormal"
        >
          <label
            class="MuiFormLabel-root MuiInputLabel-root MuiInputLabel-formControl MuiInputLabel-animated MuiInputLabel-shrink MuiInputLabel-outlined MuiFormLabel-filled"
            data-shrink="true"
          >
            Choose date
          </label>
          <div
            class="MuiInputBase-root MuiOutlinedInput-root MuiInputBase-formControl MuiInputBase-adornedEnd MuiOutlinedInput-adornedEnd"
          >
            <input
              aria-invalid="false"
              class="MuiInputBase-input MuiOutlinedInput-input MuiInputBase-inputAdornedEnd MuiOutlinedInput-inputAdornedEnd"
              type="text"
              value="29/06/2021"
            />
            <div
              class="MuiInputAdornment-root MuiInputAdornment-positionEnd"
            >
              <button
                aria-label="change date"
                class="MuiButtonBase-root MuiIconButton-root"
                tabindex="0"
                type="button"
              >
                <span
                  class="MuiIconButton-label"
                >
                  <svg
                    aria-hidden="true"
                    class="MuiSvgIcon-root"
                    focusable="false"
                    viewBox="0 0 24 24"
                  >
                    <path
                      d="M17 12h-5v5h5v-5zM16 1v2H8V1H6v2H5c-1.11 0-1.99.9-1.99 2L3 19c0 1.1.89 2 2 2h14c1.1 0 2-.9 2-2V5c0-1.1-.9-2-2-2h-1V1h-2zm3 18H5V8h14v11z"
                    />
                    <path
                      d="M0 0h24v24H0z"
                      fill="none"
                    />
                  </svg>
                </span>
                <span
                  class="MuiTouchRipple-root"
                />
              </button>
            </div>
            <fieldset
              aria-hidden="true"
              class="PrivateNotchedOutline-root-9 MuiOutlinedInput-notchedOutline"
            >
              <legend
                class="PrivateNotchedOutline-legendLabelled-11 PrivateNotchedOutline-legendNotched-12"
              >
                <span>
                  Choose date
                </span>
              </legend>
            </fieldset>
          </div>
          
        </div>
      </div>
      <div
        class="makeStyles-formTextBlok-6"
      >
        <p
          class="makeStyles-textBlockDescription-7"
        >
          Choose a primary color tone for your new project
        </p>
        <div
          class="MuiFormControl-root MuiTextField-root makeStyles-textField-8"
        >
          <div
            class="MuiInputBase-root MuiOutlinedInput-root MuiInputBase-formControl"
          >
            <input
              aria-invalid="false"
              class="MuiInputBase-input MuiOutlinedInput-input"
              type="text"
              value=""
            />
            <fieldset
              aria-hidden="true"
              class="PrivateNotchedOutline-root-9 MuiOutlinedInput-notchedOutline"
              style="padding-left: 8px;"
            >
              <legend
                class="PrivateNotchedOutline-legend-10"
                style="width: 0.01px;"
              >
                <span>
                  ​
                </span>
              </legend>
            </fieldset>
          </div>
        </div>
      </div>
      <div
        class="makeStyles-formTextBlok-6"
      >
        <p
          class="makeStyles-textBlockDescription-7"
        >
          One last thing, please check if you have no criminal record and are legally allowed to be in the U.S.
        </p>
        <span
          aria-disabled="false"
          class="MuiButtonBase-root MuiIconButton-root PrivateSwitchBase-root-17 MuiCheckbox-root MuiCheckbox-colorPrimary makeStyles-textField-8 MuiIconButton-colorPrimary"
        >
          <span
            class="MuiIconButton-label"
          >
            <input
              class="PrivateSwitchBase-input-20"
              data-indeterminate="false"
              type="checkbox"
              value=""
            />
            <svg
              aria-hidden="true"
              class="MuiSvgIcon-root"
              focusable="false"
              viewBox="0 0 24 24"
            >
              <path
                d="M19 5v14H5V5h14m0-2H5c-1.1 0-2 .9-2 2v14c0 1.1.9 2 2 2h14c1.1 0 2-.9 2-2V5c0-1.1-.9-2-2-2z"
              />
            </svg>
          </span>
          <span
            class="MuiTouchRipple-root"
          />
        </span>
      </div>
      <div
        class="makeStyles-submitWrapper-4"
      >
        <button
          class="MuiButtonBase-root MuiButton-root MuiButton-contained makeStyles-button-21 MuiButton-containedPrimary"
          tabindex="0"
          type="button"
        >
          <span
            class="MuiButton-label"
          >
            submit
          </span>
          <span
            class="MuiTouchRipple-root"
          />
        </button>
        <p
          class="makeStyles-submitHint-5"
        />
      </div>
    </div>
  </div>
</body>
`;
