// Jest Snapshot v1, https://goo.gl/fbAQLP

exports[`<FormTextBlock /> when pass correct props should match the snapshot 1`] = `
<body>
  <div>
    <div
      class="makeStyles-formTextBlok-1"
    >
      <p
        class="makeStyles-textBlockDescription-2"
      >
        mock description
      </p>
      <div
        class="MuiFormControl-root MuiTextField-root makeStyles-textField-3"
      >
        <div
          class="MuiInputBase-root MuiOutlinedInput-root MuiInputBase-formControl"
        >
          <input
            aria-invalid="false"
            class="MuiInputBase-input MuiOutlinedInput-input"
            type="text"
            value=""
          />
          <fieldset
            aria-hidden="true"
            class="PrivateNotchedOutline-root-4 MuiOutlinedInput-notchedOutline"
            style="padding-left: 8px;"
          >
            <legend
              class="PrivateNotchedOutline-legend-5"
              style="width: 0.01px;"
            >
              <span>
                â€‹
              </span>
            </legend>
          </fieldset>
        </div>
      </div>
    </div>
  </div>
</body>
`;
