// Jest Snapshot v1, https://goo.gl/fbAQLP

exports[`<DatePicker /> when pass correct props, should match snapshot 1`] = `
<body>
  <div>
    <div
      class="MuiFormControl-root MuiTextField-root makeStyles-textField-1 MuiFormControl-marginNormal"
    >
      <label
        class="MuiFormLabel-root MuiInputLabel-root MuiInputLabel-formControl MuiInputLabel-animated MuiInputLabel-shrink MuiInputLabel-outlined MuiFormLabel-filled"
        data-shrink="true"
      >
        Choose date
      </label>
      <div
        class="MuiInputBase-root MuiOutlinedInput-root MuiInputBase-formControl MuiInputBase-adornedEnd MuiOutlinedInput-adornedEnd"
      >
        <input
          aria-invalid="false"
          class="MuiInputBase-input MuiOutlinedInput-input MuiInputBase-inputAdornedEnd MuiOutlinedInput-inputAdornedEnd"
          type="text"
          value="29/06/2021"
        />
        <div
          class="MuiInputAdornment-root MuiInputAdornment-positionEnd"
        >
          <button
            aria-label="change date"
            class="MuiButtonBase-root MuiIconButton-root"
            tabindex="0"
            type="button"
          >
            <span
              class="MuiIconButton-label"
            >
              <svg
                aria-hidden="true"
                class="MuiSvgIcon-root"
                focusable="false"
                viewBox="0 0 24 24"
              >
                <path
                  d="M17 12h-5v5h5v-5zM16 1v2H8V1H6v2H5c-1.11 0-1.99.9-1.99 2L3 19c0 1.1.89 2 2 2h14c1.1 0 2-.9 2-2V5c0-1.1-.9-2-2-2h-1V1h-2zm3 18H5V8h14v11z"
                />
                <path
                  d="M0 0h24v24H0z"
                  fill="none"
                />
              </svg>
            </span>
            <span
              class="MuiTouchRipple-root"
            />
          </button>
        </div>
        <fieldset
          aria-hidden="true"
          class="PrivateNotchedOutline-root-2 MuiOutlinedInput-notchedOutline"
        >
          <legend
            class="PrivateNotchedOutline-legendLabelled-4 PrivateNotchedOutline-legendNotched-5"
          >
            <span>
              Choose date
            </span>
          </legend>
        </fieldset>
      </div>
      
    </div>
  </div>
</body>
`;
